---
source: tests/integration_test.rs
---
===> ANALYZING
Image with name "<image-name>" not found
===> DETECTING
heroku/deb-packages <buildpack-version>
===> RESTORING
<restoring-output>
===> BUILDING

## Heroku .deb Packages (v<buildpack-version>)

- Distribution Info
  - Name: ubuntu
  - Version: 24.04
  - Codename: noble
  - Architecture: amd64

### Creating package index

- Package sources
  - http://archive.ubuntu.com/ubuntu noble [main, universe]
  - http://archive.ubuntu.com/ubuntu noble-updates [main, universe]
  - http://security.ubuntu.com/ubuntu noble-security [main, universe]
  - Updating ... (<time_elapsed>)
  - Downloaded release file http://archive.ubuntu.com/ubuntu/dists/noble/InRelease
  - Downloaded package index http://archive.ubuntu.com/ubuntu/dists/noble/main/binary-amd64/by-hash/SHA256/<sha256-hash>
  - Downloaded package index http://archive.ubuntu.com/ubuntu/dists/noble/universe/binary-amd64/by-hash/SHA256/<sha256-hash>
  - Downloaded release file http://archive.ubuntu.com/ubuntu/dists/noble-updates/InRelease
  - Downloaded package index http://archive.ubuntu.com/ubuntu/dists/noble-updates/main/binary-amd64/by-hash/SHA256/<sha256-hash>
  - Downloaded package index http://archive.ubuntu.com/ubuntu/dists/noble-updates/universe/binary-amd64/by-hash/SHA256/<sha256-hash>
  - Downloaded release file http://security.ubuntu.com/ubuntu/dists/noble-security/InRelease
  - Downloaded package index http://security.ubuntu.com/ubuntu/dists/noble-security/main/binary-amd64/by-hash/SHA256/<sha256-hash>
  - Downloaded package index http://security.ubuntu.com/ubuntu/dists/noble-security/universe/binary-amd64/by-hash/SHA256/<sha256-hash>
- Building package index
  - Processing package files ... (<time_elapsed>)
  - Indexed <N> packages

### Determining packages to install

- Collecting system install information
- Determining install requirements for requested package `libgwenhywfar79`
  - Virtual package `libgwenhywfar79` is provided by `libgwenhywfar79t64@<version>`
  - Adding `libgwenhywfar79t64@<version>` [from libgwenhywfar79]
  - Adding `libgwenhywfar-data@<version>` [from libgwenhywfar79t64 ← libgwenhywfar79]
- Determining install requirements for requested package `libgwenhywfar-data`
  - Skipping `libgwenhywfar-data` because `libgwenhywfar-data@<version>` was already installed as a dependency of `libgwenhywfar79`
- Determining install requirements for requested package `xmlsec1`
  - Adding `xmlsec1@<version>`
- Determining install requirements for requested package `wget`
  - Skipping `wget` because `wget@<version>` is already installed on the system
- Determining install requirements for requested package `libvips`
  - Virtual package `libvips` is provided by `libvips42t64@<version>`
  - Skipping `libvips42t64` because `libvips42t64@<version>` is already installed on the system
- Determining install requirements for requested package `curl`
  - Adding `curl@<version>` (forced)

### Installing packages

- Requesting packages
  - `libgwenhywfar79t64@<version>` from http://archive.ubuntu.com/ubuntu/pool/universe/libg/libgwenhywfar/libgwenhywfar79t64_<version>_amd64.deb
  - `libgwenhywfar-data@<version>` from http://archive.ubuntu.com/ubuntu/pool/universe/libg/libgwenhywfar/libgwenhywfar-data_<version>_all.deb
  - `xmlsec1@<version>` from http://archive.ubuntu.com/ubuntu/pool/main/x/xmlsec1/xmlsec1_<version>_amd64.deb
  - `curl@<version>` from http://archive.ubuntu.com/ubuntu/pool/main/c/curl/curl_<version>_amd64.deb
  - Downloading ... (<time_elapsed>)
- Installation complete
- Done (finished in <time_elapsed>)
===> EXPORTING
Adding layer 'heroku/deb-packages:packages'
Adding layer 'buildpacksio/lifecycle:launch.sbom'
Added 1/1 app layer(s)
Adding layer 'buildpacksio/lifecycle:launcher'
Adding layer 'buildpacksio/lifecycle:config'
Adding label 'io.buildpacks.lifecycle.metadata'
Adding label 'io.buildpacks.build.metadata'
Adding label 'io.buildpacks.project.metadata'
Adding label 'io.buildpacks.exec-env'
no default process type
Saving <image-name>...
*** Images (<random-hex>):
      <image-name>
Adding cache layer 'heroku/deb-packages:<layer-hash>'
Adding cache layer 'heroku/deb-packages:<layer-hash>'
Adding cache layer 'heroku/deb-packages:<layer-hash>'
Adding cache layer 'heroku/deb-packages:<layer-hash>'
Adding cache layer 'heroku/deb-packages:<layer-hash>'
Adding cache layer 'heroku/deb-packages:<layer-hash>'
Adding cache layer 'heroku/deb-packages:<layer-hash>'
Adding cache layer 'heroku/deb-packages:<layer-hash>'
Adding cache layer 'heroku/deb-packages:<layer-hash>'
Adding cache layer 'heroku/deb-packages:packages'
Successfully built image '<image-name>'

--------------------------------------------- REBUILD ---------------------------------------------
===> ANALYZING
Restoring data for SBOM from previous image
===> DETECTING
heroku/deb-packages <buildpack-version>
===> RESTORING
<restoring-output>
===> BUILDING

## Heroku .deb Packages (v<buildpack-version>)

- Distribution Info
  - Name: ubuntu
  - Version: 24.04
  - Codename: noble
  - Architecture: amd64

### Creating package index

- Package sources
  - http://archive.ubuntu.com/ubuntu noble [main, universe]
  - http://archive.ubuntu.com/ubuntu noble-updates [main, universe]
  - http://security.ubuntu.com/ubuntu noble-security [main, universe]
  - Updating ... (<time_elapsed>)
  - <RESTORED_OR_REDOWNLOADED> release file (http://archive.ubuntu.com/ubuntu/dists/noble/InRelease)
  - Restored package index from cache (http://archive.ubuntu.com/ubuntu/dists/noble/main/binary-amd64/by-hash/SHA256/<sha256-hash>)
  - Restored package index from cache (http://archive.ubuntu.com/ubuntu/dists/noble/universe/binary-amd64/by-hash/SHA256/<sha256-hash>)
  - <RESTORED_OR_REDOWNLOADED> release file (http://archive.ubuntu.com/ubuntu/dists/noble-updates/InRelease)
  - Restored package index from cache (http://archive.ubuntu.com/ubuntu/dists/noble-updates/main/binary-amd64/by-hash/SHA256/<sha256-hash>)
  - Restored package index from cache (http://archive.ubuntu.com/ubuntu/dists/noble-updates/universe/binary-amd64/by-hash/SHA256/<sha256-hash>)
  - <RESTORED_OR_REDOWNLOADED> release file (http://security.ubuntu.com/ubuntu/dists/noble-security/InRelease)
  - Restored package index from cache (http://security.ubuntu.com/ubuntu/dists/noble-security/main/binary-amd64/by-hash/SHA256/<sha256-hash>)
  - Restored package index from cache (http://security.ubuntu.com/ubuntu/dists/noble-security/universe/binary-amd64/by-hash/SHA256/<sha256-hash>)
- Building package index
  - Processing package files ... (<time_elapsed>)
  - Indexed <N> packages

### Determining packages to install

- Collecting system install information
- Determining install requirements for requested package `libgwenhywfar79`
  - Virtual package `libgwenhywfar79` is provided by `libgwenhywfar79t64@<version>`
  - Adding `libgwenhywfar79t64@<version>` [from libgwenhywfar79]
  - Adding `libgwenhywfar-data@<version>` [from libgwenhywfar79t64 ← libgwenhywfar79]
- Determining install requirements for requested package `libgwenhywfar-data`
  - Skipping `libgwenhywfar-data` because `libgwenhywfar-data@<version>` was already installed as a dependency of `libgwenhywfar79`
- Determining install requirements for requested package `xmlsec1`
  - Adding `xmlsec1@<version>`
- Determining install requirements for requested package `wget`
  - Skipping `wget` because `wget@<version>` is already installed on the system
- Determining install requirements for requested package `libvips`
  - Virtual package `libvips` is provided by `libvips42t64@<version>`
  - Skipping `libvips42t64` because `libvips42t64@<version>` is already installed on the system
- Determining install requirements for requested package `curl`
  - Adding `curl@<version>` (forced)

### Installing packages

- Restoring packages from cache
  - `libgwenhywfar79t64@<version>`
  - `libgwenhywfar-data@<version>`
  - `xmlsec1@<version>`
  - `curl@<version>`
- Installation complete
- Done (finished in <time_elapsed>)
===> EXPORTING
Reusing layer 'heroku/deb-packages:packages'
Reusing layer 'buildpacksio/lifecycle:launch.sbom'
Reused 1/1 app layer(s)
Reusing layer 'buildpacksio/lifecycle:launcher'
Reusing layer 'buildpacksio/lifecycle:config'
Adding label 'io.buildpacks.lifecycle.metadata'
Adding label 'io.buildpacks.build.metadata'
Adding label 'io.buildpacks.project.metadata'
Adding label 'io.buildpacks.exec-env'
no default process type
Saving <image-name>...
*** Images (<random-hex>):
      <image-name>
Reusing cache layer 'heroku/deb-packages:<layer-hash>'
Adding cache layer 'heroku/deb-packages:<layer-hash>'
Reusing cache layer 'heroku/deb-packages:<layer-hash>'
Adding cache layer 'heroku/deb-packages:<layer-hash>'
Reusing cache layer 'heroku/deb-packages:<layer-hash>'
Adding cache layer 'heroku/deb-packages:<layer-hash>'
Reusing cache layer 'heroku/deb-packages:<layer-hash>'
Adding cache layer 'heroku/deb-packages:<layer-hash>'
Reusing cache layer 'heroku/deb-packages:<layer-hash>'
Adding cache layer 'heroku/deb-packages:<layer-hash>'
Reusing cache layer 'heroku/deb-packages:<layer-hash>'
Adding cache layer 'heroku/deb-packages:<layer-hash>'
Reusing cache layer 'heroku/deb-packages:<layer-hash>'
Adding cache layer 'heroku/deb-packages:<layer-hash>'
Reusing cache layer 'heroku/deb-packages:<layer-hash>'
Adding cache layer 'heroku/deb-packages:<layer-hash>'
Reusing cache layer 'heroku/deb-packages:<layer-hash>'
Adding cache layer 'heroku/deb-packages:<layer-hash>'
Reusing cache layer 'heroku/deb-packages:packages'
Adding cache layer 'heroku/deb-packages:packages'
Successfully built image '<image-name>'
