---
source: src/errors.rs
---
! Failed to parse Package Index file
!
! We can't parse the Package Index file data stored in `/path/to/layer/packages-file`. This error is most likely a buildpack bug. It can also be caused by cached data that's no longer valid or an issue with the upstream repository.
!
! Parsing errors:
! - There's an entry that's missing the required `Package` key.
! - Package `package-a` is missing the required `Version` key.
! - Package `package-b` is missing the required `Filename` key.
! - Package `package-c` is missing the required `SHA256` key.
!
! Suggestions:
! - Run the build again with a clean cache.
!
! The causes for this error are unknown. We do not have suggestions for diagnosis or a workaround at this time. You can help our understanding by sharing your buildpack log and a description of the issue at:
! https://github.com/heroku/buildpacks-deb-packages/issues/new
!
! If you're able to reproduce the problem with an example application and the `pack` build tool (https://buildpacks.io/docs/for-platform-operators/how-to/integrate-ci/pack/), adding that information to the discussion will also help. Once we have more information around the causes of this error we may update this message.
