---
source: src/errors.rs
---
- Debug Info:
  - Missing or invalid "uri" field for the following custom source:
    [[com.heroku.buildpacks.deb-packages.sources]]
    suites = ["main"]
    components = ["multiverse"]
    arch = ["amd64", "arm64"]
    signed_by = """-----BEGIN PGP PUBLIC KEY BLOCK-----
    
    NxRt3Z+7w5HMIN2laKp+ItxloPWGBdcHU4o2ZnWgsVT8Y/a+RED75DDbAQ6lS3fV
    sSlmQLExcf75qOPy34XNv3gWP4tbfIXXt8olflF8hwHggmKZzEImnzEozPabDsN7
    nkhHZEWhGcPRcuHbFOqcirV1sfsKK1gOsTbxS00iD3OivOFCQqujF196cal/utTd
    hVnssTC1arrx273zFepLosPvgrT0TS7tnyXbzuq5mo0zD1fSj4kuSS9V/SSy9fWF
    LAtHiNQJkjzGFxu0/9dyQyX6C523uvfdcOzpObTyjBeGKqmEEf0lF5OYLDlkk2Sm
    iGa6i2oLaGzGaQZDpdqyQZiYpQEYw9xN+8g=
    =J31U
    -----END PGP PUBLIC KEY BLOCK-----
    """

! Error parsing `/path/to/project.toml` with invalid custom source
!
! The Heroku .deb Packages buildpack reads configuration from `/path/to/project.toml` to \
! complete the build but we found an invalid custom source in the \
! key `[com.heroku.buildpacks.deb-packages]`.
!
! Custom sources must be in the following format:
!
! [[com.heroku.buildpacks.deb-packages.sources]]
! uri = "<url_of_debian_repository> (e.g.; http://archive.ubuntu.com/ubuntu)"
! suites = ["<suite> (e.g.; jammy)"]
! components = ["<component> (e.g.; main)"]
! arch = ["<architecture> (e.g.; amd64 or arm64)"]
! signed_by = """-----BEGIN PGP PUBLIC KEY BLOCK-----
! <ASCII-armored GPG key>
! -----END PGP PUBLIC KEY BLOCK-----
!
! Suggestions:
! - See the buildpack documentation for the proper usage for this configuration at \
! https://github.com/heroku/buildpacks-deb-packages#configuration
! - See the TOML documentation for more details on the TOML array of tables type \
! at https://toml.io/en/v1.0.0
!
! Use the debug information above to troubleshoot and retry your build.
