---
source: src/errors.rs
---
- Debug Info:
  - error sending request for url (https://test/error)

! Failed to request package from download url
!
! While installing packages, an error occurred while downloading the package at https://example.com/custom-package.deb. This error can occur due to an unstable network connection or an issue with site this package is hosted at.
!
! Suggestions:
! - Check if https://example.com/custom-package.deb can be downloaded locally or if there's an error.
!
! Use the debug information above to troubleshoot and retry your build.
!
! If the issue persists and you think you found a bug in the buildpack, reproduce the issue locally with a minimal example. Open an issue in the buildpack's GitHub repository and include the details here:
! https://github.com/heroku/buildpacks-deb-packages/issues/new
