---
source: src/errors.rs
---
- Debug Info:
  - error sending request for url (https://test/error)

! Failed to download Release file
!
! While updating package sources, an error occurred while downloading a Release file. This error can occur due to an unstable network connection or an issue with the upstream Debian package repository.
!
! Suggestions:
! - Check the status of https://status.canonical.com/ for any reported issues.
!
! Use the debug information above to troubleshoot and retry your build.
!
! If the issue persists and you think you found a bug in the buildpack, reproduce the issue locally with a minimal example. Open an issue in the buildpack's GitHub repository and include the details here:
! https://github.com/heroku/buildpacks-deb-packages/issues/new
