---
source: src/errors.rs
---
- Debug Info:
  - Invalid type `integer` with value `37`

! Error parsing `/path/to/project.toml` with invalid download url
!
! The Heroku .deb Packages buildpack reads configuration from `/path/to/project.toml` to complete the build but we found an invalid download url in the key `[com.heroku.buildpacks.deb-packages]`.
!
! Download urls must either be the following TOML values:
! - String (e.g.; "https://example.com/package-1.2.3.deb")
!
! Suggestions:
! - See the buildpack documentation for the proper usage for this configuration at https://github.com/heroku/buildpacks-deb-packages#configuration
! - See the TOML documentation for more details on the TOML string at https://toml.io/en/v1.0.0
!
! Use the debug information above to troubleshoot and retry your build.
